// Jest Snapshot v1, https://goo.gl/fbAQLP

exports[`Show Inspection match with snapshot 1`] = `
Array [
  <h1>
    Ver Inspeção
  </h1>,
  <div
    className="sc-eCssSg fcCMAw"
  >
    <div
      className="sc-dQppl iUgCqc"
    >
      <input
        onChange={[Function]}
        placeholder="Informe o id da inspeção"
        value=""
      />
      <button
        className="sc-dlfnbm ciWBfn"
        data-testid="btn"
        onClick={[Function]}
      >
        Pesquisar
      </button>
    </div>
    <div
      className="sc-bqyKva ILfCF row"
    >
      <div
        className="sc-kstrdz jbgVNi grid"
      />
    </div>
    <div
      className="sc-jSgupP jxuqsq"
    >
      <button
        className="sc-hKgILt dcQvag"
        data-testid="btn-link"
      >
        Voltar
      </button>
    </div>
  </div>,
]
`;
