// Jest Snapshot v1, https://goo.gl/fbAQLP

exports[`NavBar match with snapshot 1`] = `
<div
  className="sc-gsTCUz oIHdM"
  size="50px"
/>
`;
