// Jest Snapshot v1, https://goo.gl/fbAQLP

exports[`Button match with snapshot 1`] = `
<button
  className="sc-gsTCUz dPeWPU"
  data-testid="btn"
/>
`;
